0
0
0
0
0
0
290
0
0
0
0
21
148
0
0
0
0
0
0
0
0
0
10
0
171
0
28
0
119
168
0
0
0
0
0
0
0
1
0
0
0
0
0
0
0
0
0
0
0
0
