0
0
276
0
0
0
0
0
0
0
0
28
10
3
0
45
0
6
0
0
0
28
0
0
0
0
45
0
0
0
0
0
0
45
0
0
0
120
0
0
0
253
0
0
0
0
0
0
0
0
