1
585322013
60496891
711005184
2912032
2016
0
