1
35940377
276359538
541504569
192675840
0
0
0
