1
92147691
958321673
497436442
362360458
64461920
12160
0
0
