1
372891455
784581803
507016261
810559895
12320768
0
0
