1
830243588
138630057
567522865
0
0
0
0
0
