0 198031566913557366 308099368524866500 64533930332527098 85187731425710750 
198031566913557366 0 336340954316096410 219706266102259563 198031566913557366 
308099368524866500 336340954316096410 0 373153716661327005 308099368524866500 
64533930332527098 219706266102259563 373153716661327005 0 107415226133112399 
85187731425710750 198031566913557366 308099368524866500 107415226133112399 0 
