0 94980727951383300 52889211858627380 139170212282973600 51539107496792075 
94980727951383300 0 97468817119505520 36127634649201216 62330525564672196 
52889211858627380 97468817119505520 0 142815877094931840 20172022967682540 
139170212282973600 36127634649201216 142815877094931840 0 91329606138467232 
51539107496792075 62330525564672196 20172022967682540 91329606138467232 0 
