141186.900
193076.733
574768.233
502206.233
139639.667
574768.233
190122.667
122482.483
508270.067
70594.250
