131154.500
45250.000
45250.000
201489.250
332643.750
132698.167
532407.750
413684.750
410871.750
289075.500
