139569.871
397470.690
314463.367
358535.119
237323.986
121211.133
230140.810
89931.000
525605.500
307280.190
