121
203
154
216
136
200
69
140
134
205
156
111
149
139
145
113
152
140
95
120
159
168
175
144
211
90
160
148
174
200
190
187
167
136
113
150
164
177
118
96
234
136
149
134
88
117
168
179
188
75
