47
225
130
209
62
189
105
89
100
205
94
87
135
95
121
89
128
126
81
98
125
126
132
90
168
86
124
118
112
140
179
109
180
93
89
172
113
149
118
72
174
62
133
100
80
141
152
151
114
95
