853
700
810
680
1082
816
740
780
1087
712
738
684
1171
584
903
609
1277
821
496
598
787
462
702
634
877
389
956
604
1213
896
824
1069
649
662
665
1183
1035
1022
526
564
997
951
1151
597
376
932
711
957
1142
623
