115
197
148
210
130
194
63
134
128
199
150
105
143
133
139
107
146
134
89
114
153
162
169
138
205
84
154
142
168
194
184
181
161
130
107
144
158
171
112
90
228
130
143
128
82
111
162
173
182
69
