273
273
238
577
602
273
263
165
577
175
