947
879
873
400
400
331
400
656
617
331
