1697
285
285
348
571
1150
1343
827
1697
1697
