2199
1655
1116
1527
1128
2215
1976
1433
1287
1523
1320
1986
1341
913
941
1714
1955
1370
1259
1849
2190
1242
1945
1392
1220
2565
2097
1574
1498
1668
1811
913
1484
2182
2190
1328
1666
927
1318
1438
1177
848
1381
1244
1660
1706
1559
1652
1301
861
