466
467
457
575
618
482
506
373
522
515
442
419
468
482
342
420
303
349
315
585
617
359
583
417
385
442
558
494
468
414
423
467
491
390
491
464
383
392
486
437
464
511
502
481
426
385
474
417
445
442
